[]
[1, 2, 3]
[3, 4, 5]
[abc, def]
[hello world!, 123]
[true, false, true]
