1
abc
true false
<Group A instance>
<Group A instance>
Hello from class B!
Hello from class B!
<Group D instance>
