1
2
3
abc
def
ghi
jkl
2 3
4 7
6 11
1
[1, 2, 3]
4
[4, 5]
6
[6, 7]
