[<Group Piece instance>, <Group Piece instance>, <Group Piece instance>, <Group Piece instance>, <Group Piece instance>, <Group Piece instance>, <Group Piece instance>, <Group Piece instance>, <Group Piece instance>]
<Group Piece instance>
